/Users/justin/UncarrierVibes/venv/lib/python3.9/site-packages/urllib3/__init__.py:35: NotOpenSSLWarning: urllib3 v2 only supports OpenSSL 1.1.1+, currently the 'ssl' module is compiled with 'LibreSSL 2.8.3'. See: https://github.com/urllib3/urllib3/issues/3020
  warnings.warn(

  You can now view your Streamlit app in your browser.

  Network URL: http://10.173.190.134:8501
  External URL: http://129.110.242.173:8501

  For better performance, install the Watchdog module:

  $ xcode-select --install
  $ pip install watchdog
            
2025-11-08 15:23:45.898 Uncaught app exception
Traceback (most recent call last):
  File "/Users/justin/UncarrierVibes/venv/lib/python3.9/site-packages/streamlit/runtime/scriptrunner/script_runner.py", line 534, in _run_script
    exec(code, module.__dict__)
  File "/Users/justin/UncarrierVibes/src/dashboard/main.py", line 25, in <module>
    st.secrets.get("API_BASE")
  File "/Library/Developer/CommandLineTools/Library/Frameworks/Python3.framework/Versions/3.9/lib/python3.9/_collections_abc.py", line 764, in get
    return self[key]
  File "/Users/justin/UncarrierVibes/venv/lib/python3.9/site-packages/streamlit/runtime/secrets.py", line 305, in __getitem__
    value = self._parse(True)[key]
  File "/Users/justin/UncarrierVibes/venv/lib/python3.9/site-packages/streamlit/runtime/secrets.py", line 214, in _parse
    raise FileNotFoundError(err_msg)
FileNotFoundError: No secrets files found. Valid paths for a secrets.toml file are: /Users/justin/.streamlit/secrets.toml, /Users/justin/UncarrierVibes/.streamlit/secrets.toml
